ceshi wenjian
